Archive member included because of file (symbol)

C:\fehqt\Proteus/EWL/lib/armv7e-m\libc.a(sprintf.o)
                              Libraries\FEHLCD.o (sprintf)
C:\fehqt\Proteus/EWL/lib/armv7e-m\libc.a(vsnprintf.o)
                              C:\fehqt\Proteus/EWL/lib/armv7e-m\libc.a(sprintf.o) (vsnprintf)
C:\fehqt\Proteus/EWL/lib/armv7e-m\libc.a(exit.o)
                              Startup\__arm_start.o (exit)
C:\fehqt\Proteus/EWL/lib/armv7e-m\libc.a(memcpy.o)
                              C:\fehqt\Proteus/EWL/lib/armv7e-m\libc.a(vsnprintf.o) (memcpy)
C:\fehqt\Proteus/EWL/lib/armv7e-m\libc.a(memset.o)
                              Startup\__arm_start.o (memset)
C:\fehqt\Proteus/EWL/lib/armv7e-m\libc.a(strcmp.o)
                              Libraries\FEHLCD.o (strcmp)
C:\fehqt\Proteus/EWL/lib/armv7e-m\libc.a(strcpy.o)
                              Libraries\FEHLCD.o (strcpy)
C:\fehqt\Proteus/EWL/lib/armv7e-m\libc.a(strlen.o)
                              Libraries\FEHLCD.o (strlen)
C:\fehqt\Proteus/EWL/lib/armv7e-m\libc.a(printformat_.o)
                              (__pformatter_)
C:\fehqt\Proteus/EWL/lib/armv7e-m\libc.a(scanformat_.o)
                              (__sformatter)
C:\fehqt\Proteus/EWL/lib/armv7e-m\libc.a(ctype_aeabi.o)
                              C:\fehqt\Proteus/EWL/lib/armv7e-m\libc.a(scanformat_.o) (isspace)
C:\fehqt\Proteus/EWL/lib/armv7e-m\libc.a(__strtoul.o)
                              C:\fehqt\Proteus/EWL/lib/armv7e-m\libc.a(scanformat_.o) (__strtoul)
C:\fehqt\Proteus/EWL/lib/armv7e-m\libc.a(__filll_mem.o)
                              C:\fehqt\Proteus/EWL/lib/armv7e-m\libc.a(memset.o) (__fill_mem)
C:\fehqt\Proteus/EWL/lib/armv7e-m\libc.a(memchr.o)
                              C:\fehqt\Proteus/EWL/lib/armv7e-m\libc.a(printformat_.o) (memchr)
C:\fehqt\Proteus/EWL/lib/armv7e-m\libc.a(strchr.o)
                              C:\fehqt\Proteus/EWL/lib/armv7e-m\libc.a(printformat_.o) (strchr)
c:/fehqt/proteus/gcc/bin/../lib/gcc/arm-none-eabi/4.6.2/armv7e-m\libgcc.a(_arm_addsubdf3.o)
                              ..\main.o (__aeabi_dsub)
c:/fehqt/proteus/gcc/bin/../lib/gcc/arm-none-eabi/4.6.2/armv7e-m\libgcc.a(_arm_muldivdf3.o)
                              ..\main.o (__aeabi_dmul)
c:/fehqt/proteus/gcc/bin/../lib/gcc/arm-none-eabi/4.6.2/armv7e-m\libgcc.a(_arm_cmpdf2.o)
                              ..\main.o (__aeabi_dcmplt)
c:/fehqt/proteus/gcc/bin/../lib/gcc/arm-none-eabi/4.6.2/armv7e-m\libgcc.a(_arm_fixdfsi.o)
                              ..\main.o (__aeabi_d2iz)
c:/fehqt/proteus/gcc/bin/../lib/gcc/arm-none-eabi/4.6.2/armv7e-m\libgcc.a(_arm_fixunsdfsi.o)
                              Libraries\FEHUtility.o (__aeabi_d2uiz)
c:/fehqt/proteus/gcc/bin/../lib/gcc/arm-none-eabi/4.6.2/armv7e-m\libgcc.a(_arm_truncdfsf2.o)
                              ..\main.o (__aeabi_d2f)
c:/fehqt/proteus/gcc/bin/../lib/gcc/arm-none-eabi/4.6.2/armv7e-m\libgcc.a(_arm_addsubsf3.o)
                              Libraries\FEHLCD.o (__aeabi_fsub)
c:/fehqt/proteus/gcc/bin/../lib/gcc/arm-none-eabi/4.6.2/armv7e-m\libgcc.a(_arm_muldivsf3.o)
                              Drivers\mcg.o (__aeabi_fmul)
c:/fehqt/proteus/gcc/bin/../lib/gcc/arm-none-eabi/4.6.2/armv7e-m\libgcc.a(_arm_cmpsf2.o)
                              Libraries\FEHServo.o (__aeabi_fcmpeq)
c:/fehqt/proteus/gcc/bin/../lib/gcc/arm-none-eabi/4.6.2/armv7e-m\libgcc.a(_arm_fixsfsi.o)
                              Libraries\FEHLCD.o (__aeabi_f2iz)
c:/fehqt/proteus/gcc/bin/../lib/gcc/arm-none-eabi/4.6.2/armv7e-m\libgcc.a(_arm_fixunssfsi.o)
                              Drivers\mcg.o (__aeabi_f2uiz)
C:\fehqt\Proteus/EWL/lib/armv7e-m\librt.a(gcc_ctor_dtor.o)
                              Startup\__arm_start.o (__init_cpp)
C:\fehqt\Proteus/EWL/lib/armv7e-m\librt.a(ROMCopy.o)
                              Startup\__arm_start.o (__copy_rom_sections_to_ram)
C:\fehqt\Proteus/EWL/lib/armv7e-m\librt.a(__arm_eabi_init.o)
                              C:\fehqt\Proteus/EWL/lib/armv7e-m\libc.a(exit.o) (__destroy_global_chain)
C:\fehqt\Proteus/EWL/lib/armv7e-m\librt.a(New.o)
                              Libraries\FEHIO.o (operator new(unsigned int))
c:/fehqt/proteus/gcc/bin/../lib/gcc/arm-none-eabi/4.6.2/../../../../arm-none-eabi/lib/armv7e-m\libsupc++.a(class_type_info.o)
                              C:\fehqt\Proteus/EWL/lib/armv7e-m\librt.a(New.o) (vtable for __cxxabiv1::__class_type_info)
c:/fehqt/proteus/gcc/bin/../lib/gcc/arm-none-eabi/4.6.2/../../../../arm-none-eabi/lib/armv7e-m\libsupc++.a(eh_alloc.o)
                              C:\fehqt\Proteus/EWL/lib/armv7e-m\librt.a(New.o) (__cxa_allocate_exception)
c:/fehqt/proteus/gcc/bin/../lib/gcc/arm-none-eabi/4.6.2/../../../../arm-none-eabi/lib/armv7e-m\libsupc++.a(eh_arm.o)
                              C:\fehqt\Proteus/EWL/lib/armv7e-m\librt.a(New.o) (__cxa_end_cleanup)
c:/fehqt/proteus/gcc/bin/../lib/gcc/arm-none-eabi/4.6.2/../../../../arm-none-eabi/lib/armv7e-m\libsupc++.a(eh_aux_runtime.o)
[...]
Memory Configuration

Name             Origin             Length             Attributes
m_interrupts     0x0000c000         0x00000400         xr
m_cfmprotrom     0x0000c400         0x00000010         xr
m_text           0x0000c410         0x00073bf0         xr
m_data           0x1fff0400         0x0000fc00         xrw
m_data2          0x20000000         0x00010000         xrw
*default*        0x00000000         0xffffffff

Linker script and memory map

LOAD ..\main.o
LOAD Startup\__arm_start.o
LOAD Startup\__arm_end.o
LOAD Startup\kinetis_sysinit.o
LOAD Libraries\FEHMotor.o
LOAD Drivers\mcg.o
LOAD Drivers\i2c.o
LOAD Drivers\spi.o
LOAD Drivers\uart.o
LOAD Drivers\ff.o
LOAD Drivers\SDHC.o
LOAD Drivers\lptmr.o
LOAD FEHProteus.o
LOAD Drivers\FEHPropeller.o
LOAD Libraries\FEHUtility.o
LOAD Libraries\FEHIO.o
LOAD Drivers\adc16.o
LOAD Libraries\FEHBuzzer.o
LOAD Libraries\FEHServo.o
LOAD Libraries\FEHLCD.o
LOAD Libraries\FEHAccel.o
LOAD Libraries\FEHBattery.o
LOAD Drivers\FEHXBee.o
LOAD Libraries\FEHRPS.o
LOAD Libraries\FEHSD.o
                0x000134f8                __pformatter = __pformatter_
                [0x000138f0]                __sformatter = __sformatter
LOAD C:\fehqt\Proteus/EWL/lib/armv7e-m\libstdc++.a
LOAD C:\fehqt\Proteus/EWL/lib/armv7e-m\libm.a
START GROUP
LOAD C:\fehqt\Proteus/EWL/lib/armv7e-m\libc.a
LOAD C:\fehqt\Proteus/EWL/lib/armv7e-m\libc++.a
LOAD C:\fehqt\Proteus/EWL/lib/armv7e-m\libm.a
LOAD c:/fehqt/proteus/gcc/bin/../lib/gcc/arm-none-eabi/4.6.2/armv7e-m\libgcc.a
LOAD C:\fehqt\Proteus/EWL/lib/armv7e-m\librt.a
LOAD c:/fehqt/proteus/gcc/bin/../lib/gcc/arm-none-eabi/4.6.2/../../../../arm-none-eabi/lib/armv7e-m\libsupc++.a
END GROUP
                0x20000000                _estack = 0x20000000
                0x20000000                __SP_INIT = _estack
                0x00000800                __heap_size = 0x800
                0x00000800                __stack_size = 0x800

.interrupts     0x0000c000      0x1e0
                0x0000c000                __vector_table = .
                0x0000c000                . = ALIGN (0x4)
 *(.vectortable)
 .vectortable   0x0000c000      0x1e0 Startup\kinetis_sysinit.o
                0x0000c1e0                . = ALIGN (0x4)

.cfmprotect     0x0000c400        0x0
                0x0000c400                . = ALIGN (0x4)
 *(.cfmconfig)
                0x0000c400                . = ALIGN (0x4)

.text           0x0000c410     0x8438
                0x0000c410                . = ALIGN (0x4)
 *(.text)
 .text          0x0000c410      0x370 c:/fehqt/proteus/gcc/bin/../lib/gcc/arm-none-eabi/4.6.2/armv7e-m\libgcc.a(_arm_addsubdf3.o)
                0x0000c410                __aeabi_drsub
                0x0000c418                __aeabi_dsub
                0x0000c418                __subdf3
                0x0000c41c                __aeabi_dadd
                0x0000c41c                __adddf3
                0x0000c694                __floatunsidf
                0x0000c694                __aeabi_ui2d
                0x0000c6b4                __floatsidf
                0x0000c6b4                __aeabi_i2d
                0x0000c6d8                __aeabi_f2d
                0x0000c6d8                __extendsfdf2
                0x0000c714                __floatundidf
                0x0000c714                __aeabi_ul2d
                0x0000c724                __floatdidf
                0x0000c724                __aeabi_l2d
 .text          0x0000c780      0x424 c:/fehqt/proteus/gcc/bin/../lib/gcc/arm-none-eabi/4.6.2/armv7e-m\libgcc.a(_arm_muldivdf3.o)
                0x0000c780                __aeabi_dmul
                0x0000c780                __muldf3
                0x0000c9d4                __divdf3
                0x0000c9d4                __aeabi_ddiv
 .text          0x0000cba4       0x50 c:/fehqt/proteus/gcc/bin/../lib/gcc/arm-none-eabi/4.6.2/armv7e-m\libgcc.a(_arm_fixdfsi.o)
                0x0000cba4                __aeabi_d2iz
                0x0000cba4                __fixdfsi
 .text          0x0000cbf4       0x40 c:/fehqt/proteus/gcc/bin/../lib/gcc/arm-none-eabi/4.6.2/armv7e-m\libgcc.a(_arm_fixunsdfsi.o)
                0x0000cbf4                __aeabi_d2uiz
                0x0000cbf4                __fixunsdfsi
 .text          0x0000cc34       0xa0 c:/fehqt/proteus/gcc/bin/../lib/gcc/arm-none-eabi/4.6.2/armv7e-m\libgcc.a(_arm_truncdfsf2.o)
                0x0000cc34                __truncdfsf2
                0x0000cc34                __aeabi_d2f
 .text          0x0000ccd4      0x21c c:/fehqt/proteus/gcc/bin/../lib/gcc/arm-none-eabi/4.6.2/armv7e-m\libgcc.a(_arm_addsubsf3.o)
                0x0000ccd4                __aeabi_frsub
                0x0000ccdc                __subsf3
                0x0000ccdc                __aeabi_fsub
                0x0000cce0                __aeabi_fadd
                0x0000cce0                __addsf3
                0x0000ce40                __aeabi_ui2f
                0x0000ce40                __floatunsisf
                0x0000ce48                __aeabi_i2f
                0x0000ce48                __floatsisf
                0x0000ce64                __aeabi_ul2f
                0x0000ce64                __floatundisf
                0x0000ce74                __aeabi_l2f
                0x0000ce74                __floatdisf
 .text          0x0000cef0      0x2a0 c:/fehqt/proteus/gcc/bin/../lib/gcc/arm-none-eabi/4.6.2/armv7e-m\libgcc.a(_arm_muldivsf3.o)
                0x0000cef0                __mulsf3
                0x0000cef0                __aeabi_fmul
                0x0000d058                __aeabi_fdiv
                0x0000d058                __divsf3
 .text          0x0000d190       0xec c:/fehqt/proteus/gcc/bin/../lib/gcc/arm-none-eabi/4.6.2/armv7e-m\libgcc.a(_arm_cmpsf2.o)
                0x0000d190                __gesf2
                0x0000d190                __gtsf2
                0x0000d198                __lesf2
                0x0000d198                __ltsf2
                0x0000d1a0                __nesf2
                0x0000d1a0                __eqsf2
                0x0000d1a0                __cmpsf2
                0x0000d200                __aeabi_cfrcmple
                0x0000d208                __aeabi_cfcmpeq
                0x0000d208                __aeabi_cfcmple
                0x0000d218                __aeabi_fcmpeq
                0x0000d22c                __aeabi_fcmplt
                0x0000d240                __aeabi_fcmple
                0x0000d254                __aeabi_fcmpge
                0x0000d268                __aeabi_fcmpgt
 *(.text*)
 .text._Z24DriveForwardUntilHitWallii
                0x0000d27c       0x8c ..\main.o
                0x0000d27c                DriveForwardUntilHitWall(int, int)
 .text._Z24BackLeftTurnUntilHitWallv
                0x0000d308       0x78 ..\main.o
                0x0000d308                BackLeftTurnUntilHitWall()
 .text._Z31BackRightTurnUntilCornerHitWallv
                0x0000d380       0xa0 ..\main.o
                0x0000d380                BackRightTurnUntilCornerHitWall()
 .text._Z26navigateExploration1Coursev
                0x0000d420       0xb0 ..\main.o
                0x0000d420                navigateExploration1Course()
 .text.main     0x0000d4d0       0x10 ..\main.o
                0x0000d4d0                main
 .text._Z41__static_initialization_and_destruction_0ii
                0x0000d4e0       0xac ..\main.o
 .text._GLOBAL__sub_I_cdsCell
                0x0000d58c       0x14 ..\main.o
 .text.zero_fill_bss
                0x0000d5a0       0x34 Startup\__arm_start.o
 .text.__thumb_startup
                0x0000d5d4       0x34 Startup\__arm_start.o
                0x0000d5d4                __thumb_startup
 .text.InitFEHProteus
                0x0000d608      0x15c Startup\__arm_start.o
                0x0000d608                InitFEHProteus
 .text.pll_init_bl
                0x0000d764      0x130 Startup\__arm_start.o
 .text.InitPowerButton
                0x0000d894       0x90 Startup\__arm_start.o
                0x0000d894                InitPowerButton
 .text._ExitProcess
                0x0000d924        0xc Startup\__arm_end.o
                0x0000d924                _ExitProcess
 .text.Default_Handler
                0x0000d930        0xc Startup\kinetis_sysinit.o
                0x0000d930                BusFault_Handler()
                0x0000d930                HardFault_Handler()
                0x0000d930                SysTick_Handler()
                0x0000d930                PendSV_Handler()
                0x0000d930                DebugMonitor_Handler()
                0x0000d930                MemManage_Handler()
                0x0000d930                NMI_Handler()
                0x0000d930                SVC_Handler()
                0x0000d930                Default_Handler
                0x0000d930                UsageFault_Handler()
 .text.__init_hardware
                0x0000d93c       0x44 Startup\kinetis_sysinit.o
                0x0000d93c                __init_hardware
 .text._Z8PortDISRv
                0x0000d980       0x64 Startup\kinetis_sysinit.o
                0x0000d980                PortDISR()
 *fill*         0x0000d9e4        0x4 00
 .text._ZN8FEHMotorC2ENS_12FEHMotorPortEf
                0x0000d9e8       0xb0 Libraries\FEHMotor.o
                0x0000d9e8                FEHMotor::FEHMotor(FEHMotor::FEHMotorPort, float)
                0x0000d9e8                FEHMotor::FEHMotor(FEHMotor::FEHMotorPort, float)
 .text._ZN8FEHMotor4StopEv
                0x0000da98       0x3c Libraries\FEHMotor.o
                0x0000da98                FEHMotor::Stop()
 .text._ZN8FEHMotor8SetPowerEi
                0x0000dad4       0x60 Libraries\FEHMotor.o
                0x0000dad4                FEHMotor::SetPower(int)
 *fill*         0x0000db34        0x4 00
 .text._ZN8FEHMotor10SetPercentEf
                0x0000db38      0x158 Libraries\FEHMotor.o
                0x0000db38                FEHMotor::SetPercent(float)
 .text._Z21IIC_StartTransmissionhh
                0x0000dc90       0x98 Drivers\i2c.o
                0x0000dc90                IIC_StartTransmission(unsigned char, unsigned char)
 .text._Z5Pausev
                0x0000dd28       0x34 Drivers\i2c.o
                0x0000dd28                Pause()
 .text._Z21MMA8451QWriteRegisterhh
                0x0000dd5c      0x12c Drivers\i2c.o
                0x0000dd5c                MMA8451QWriteRegister(unsigned char, unsigned char)
 .text._Z12SPI_SendCharh
                0x0000de88       0x1c Drivers\spi.o
                0x0000de88                SPI_SendChar(unsigned char)
 .text._Z16SPI_WriteCommandhh
                0x0000dea4       0x34 Drivers\spi.o
                0x0000dea4                SPI_WriteCommand(unsigned char, unsigned char)
 .text._Z13SPI_CS_Assertv
                0x0000ded8       0x24 Drivers\spi.o
                0x0000ded8                SPI_CS_Assert()
 .text._Z15SPI_CS_Deassertv
                0x0000defc       0x24 Drivers\spi.o
                0x0000defc                SPI_CS_Deassert()
 .text._Z12SPI_Transferh
                0x0000df20       0x88 Drivers\spi.o
                0x0000df20                SPI_Transfer(unsigned char)
 .text._Z8SPI_Initv
                0x0000dfa8       0xe8 Drivers\spi.o
                0x0000dfa8                SPI_Init()
 .text._Z9uart_initPV11UART_MemMapii
                0x0000e090      0x20c Drivers\uart.o
                0x0000e090                uart_init(UART_MemMap volatile*, int, int)
 .text._Z12uart_getcharPV11UART_MemMap
                0x0000e29c       0x34 Drivers\uart.o
                0x0000e29c                uart_getchar(UART_MemMap volatile*)
 .text._Z12uart_putcharPV11UART_MemMapc
                0x0000e2d0       0x38 Drivers\uart.o
                0x0000e2d0                uart_putchar(UART_MemMap volatile*, char)
 .text._ZL7mem_setPvij
                0x0000e308       0x44 Drivers\ff.o
 .text._ZL11move_windowP5FATFSm
                0x0000e34c       0xf0 Drivers\ff.o
 .text._ZL4syncP5FATFS
                0x0000e43c      0x188 Drivers\ff.o
 .text._ZL8validateP5FATFSt
                0x0000e5c4       0x54 Drivers\ff.o
 .text._Z6f_syncP3FIL
                0x0000e618      0x1c0 Drivers\ff.o
                0x0000e618                f_sync(FIL*)
 .text._Z7f_closeP3FIL
                0x0000e7d8       0x2c Drivers\ff.o
                0x0000e7d8                f_close(FIL*)
 .text._ZL17SDHC_set_baudratemm
                0x0000e804      0x14c Drivers\SDHC.o
 .text._Z9SDHC_initP17esdhc_info_structPK17esdhc_init_struct
                0x0000e950      0x1c4 Drivers\SDHC.o
                0x0000e950                SDHC_init(esdhc_info_struct*, esdhc_init_struct const*)
 .text._ZL15SDHC_is_runningv
                0x0000eb14       0x28 Drivers\SDHC.o
 .text._ZL16SDHC_status_waitm
                0x0000eb3c       0x38 Drivers\SDHC.o
 .text._ZL17SDHC_send_commandP20esdhc_command_struct
                0x0000eb74      0x2a0 Drivers\SDHC.o
 .text._Z10SDHC_ioctlmPv
                0x0000ee14      0x978 Drivers\SDHC.o
                0x0000ee14                SDHC_ioctl(unsigned long, void*)
 .text._ZL14rcvr_datablockPhm
                0x0000f78c      0x134 Drivers\SDHC.o
 .text._Z9disk_readhPhmh
                0x0000f8c0      0x13c Drivers\SDHC.o
                0x0000f8c0                disk_read(unsigned char, unsigned char*, unsigned long, unsigned char)
 .text._ZL14xmit_datablockPKhm
                0x0000f9fc       0xe0 Drivers\SDHC.o
 .text._Z10disk_writehPKhmh
                0x0000fadc      0x1cc Drivers\SDHC.o
                0x0000fadc                disk_write(unsigned char, unsigned char const*, unsigned long, unsigned char)
 .text._Z10disk_ioctlhhPv
                0x0000fca8      0x128 Drivers\SDHC.o
                0x0000fca8                disk_ioctl(unsigned char, unsigned char, void*)
 .text._Z11disk_statush
                0x0000fdd0       0x30 Drivers\SDHC.o
                0x0000fdd0                disk_status(unsigned char)
 .text._Z13time_delay_msm
                0x0000fe00       0xa4 Drivers\lptmr.o
                0x0000fe00                time_delay_ms(unsigned long)
 .text._Z41__static_initialization_and_destruction_0ii
                0x0000fea4       0x30 FEHProteus.o
 .text._GLOBAL__sub_I_Propeller
                0x0000fed4       0x14 FEHProteus.o
 .text._ZN12FEHPropellerC2Ev
                0x0000fee8       0x20 Drivers\FEHPropeller.o
                0x0000fee8                FEHPropeller::FEHPropeller()
                0x0000fee8                FEHPropeller::FEHPropeller()
 .text._ZN12FEHPropeller10InitializeEv
                0x0000ff08       0x94 Drivers\FEHPropeller.o
                0x0000ff08                FEHPropeller::Initialize()
 .text._ZN12FEHPropeller12SetMotorRateEhhh
                0x0000ff9c       0x78 Drivers\FEHPropeller.o
                0x0000ff9c                FEHPropeller::SetMotorRate(unsigned char, unsigned char, unsigned char)
 .text._ZL5Delaymjj
                0x00010014       0xc4 Libraries\FEHUtility.o
 .text._Z5Sleepi
                0x000100d8       0x34 Libraries\FEHUtility.o
                0x000100d8                Sleep(int)
 *fill*         0x0001010c        0x4 00
 .text._Z5Sleepd
                0x00010110       0x58 Libraries\FEHUtility.o
                0x00010110                Sleep(double)
 .text._ZN15DigitalInputPinC2EN5FEHIO8FEHIOPinE
                0x00010168       0x24 Libraries\FEHIO.o
                0x00010168                DigitalInputPin::DigitalInputPin(FEHIO::FEHIOPin)
                0x00010168                DigitalInputPin::DigitalInputPin(FEHIO::FEHIOPin)
 .text._ZN15DigitalInputPin10InitializeEN5FEHIO8FEHIOPinE
                0x0001018c      0x224 Libraries\FEHIO.o
                0x0001018c                DigitalInputPin::Initialize(FEHIO::FEHIOPin)
 .text._ZN15DigitalInputPin5ValueEv
                0x000103b0      0x148 Libraries\FEHIO.o
                0x000103b0                DigitalInputPin::Value()
 .text._Z9portB_isrv
                0x000104f8       0xd4 Libraries\FEHIO.o
                0x000104f8                portB_isr()
 .text._Z9portC_isrv
                0x000105cc       0xd8 Libraries\FEHIO.o
                0x000105cc                portC_isr()
 .text._Z9portA_isrv
                0x000106a4       0xd8 Libraries\FEHIO.o
                0x000106a4                portA_isr()
 .text._Z9portE_isrv
                0x0001077c       0xd0 Libraries\FEHIO.o
                0x0001077c                portE_isr()
 .text._ZN14AnalogInputPinC2EN5FEHIO8FEHIOPinE
                0x0001084c       0x20 Libraries\FEHIO.o
                0x0001084c                AnalogInputPin::AnalogInputPin(FEHIO::FEHIOPin)
                0x0001084c                AnalogInputPin::AnalogInputPin(FEHIO::FEHIOPin)
 .text._ZN13AnalogEncoder12EncoderValueEv
                0x0001086c       0xe4 Libraries\FEHIO.o
                0x0001086c                AnalogEncoder::EncoderValue()
 .text._ZN14AnalogInputPin8InitADCsEv
                0x00010950      0x120 Libraries\FEHIO.o
                0x00010950                AnalogInputPin::InitADCs()
 .text._Z8pit0_isrv
                0x00010a70       0x34 Libraries\FEHIO.o
                0x00010a70                pit0_isr()
 .text._ZN13AnalogEncoder4InitEv
                0x00010aa4       0x64 Libraries\FEHIO.o
                0x00010aa4                AnalogEncoder::Init()
 .text._ZN13AnalogEncoder14SetCounterInitEj
                0x00010b08       0x20 Libraries\FEHIO.o
                0x00010b08                AnalogEncoder::SetCounterInit(unsigned int)
 .text._ZN13AnalogEncoder10ProcessIntEv
                0x00010b28       0x80 Libraries\FEHIO.o
                0x00010b28                AnalogEncoder::ProcessInt()
 .text._ZN13AnalogEncoder14ProcessIntSelfEv
                0x00010ba8       0x80 Libraries\FEHIO.o
                0x00010ba8                AnalogEncoder::ProcessIntSelf()
 .text._Z7ADC_CalPV10ADC_MemMap
                0x00010c28      0x14c Drivers\adc16.o
                0x00010c28                ADC_Cal(ADC_MemMap volatile*)
 .text._Z14ADC_Config_AltPV10ADC_MemMapP7adc_cfg
                0x00010d74       0x6c Drivers\adc16.o
                0x00010d74                ADC_Config_Alt(ADC_MemMap volatile*, adc_cfg*)
 .text._ZN9FEHBuzzerC2Ev
                0x00010de0       0x18 Libraries\FEHBuzzer.o
                0x00010de0                FEHBuzzer::FEHBuzzer()
                0x00010de0                FEHBuzzer::FEHBuzzer()
 .text._Z41__static_initialization_and_destruction_0ii
                0x00010df8       0x30 Libraries\FEHBuzzer.o
 .text._GLOBAL__sub_I_Buzzer
                0x00010e28       0x14 Libraries\FEHBuzzer.o
 .text._ZN8FEHServoC2ENS_12FEHServoPortE
                0x00010e3c       0x3c Libraries\FEHServo.o
                0x00010e3c                FEHServo::FEHServo(FEHServo::FEHServoPort)
                0x00010e3c                FEHServo::FEHServo(FEHServo::FEHServoPort)
 .text._ZN6FEHLCD11_InitializeEv
                0x00010e78      0x5dc Libraries\FEHLCD.o
                0x00010e78                FEHLCD::_Initialize()
 .text._ZN6FEHLCDC2Ev
                0x00011454       0x64 Libraries\FEHLCD.o
                0x00011454                FEHLCD::FEHLCD()
                0x00011454                FEHLCD::FEHLCD()
 .text._ZN6FEHLCD10InitializeEv
                0x000114b8       0x38 Libraries\FEHLCD.o
                0x000114b8                FEHLCD::Initialize()
 .text._ZN6FEHLCD10PrintImageEii
                0x000114f0      0x100 Libraries\FEHLCD.o
                0x000114f0                FEHLCD::PrintImage(int, int)
 .text._ZN6FEHLCD9PrintLogoEii
                0x000115f0      0x100 Libraries\FEHLCD.o
                0x000115f0                FEHLCD::PrintLogo(int, int)
 .text._ZN6FEHLCD22ConvertFEHColorTo24BitENS_11FEHLCDColorE
                0x000116f0       0x80 Libraries\FEHLCD.o
                0x000116f0                FEHLCD::ConvertFEHColorTo24Bit(FEHLCD::FEHLCDColor)
 .text._ZN6FEHLCD24Convert24BitColorTo16BitEj
                0x00011770       0x40 Libraries\FEHLCD.o
                0x00011770                FEHLCD::Convert24BitColorTo16Bit(unsigned int)
 .text._ZN6FEHLCD22ConvertRGBColorTo16BitEhhh
                0x000117b0       0x44 Libraries\FEHLCD.o
                0x000117b0                FEHLCD::ConvertRGBColorTo16Bit(unsigned char, unsigned char, unsigned char)
 .text._ZN6FEHLCD5ClearENS_11FEHLCDColorE
                0x000117f4       0x28 Libraries\FEHLCD.o
                0x000117f4                FEHLCD::Clear(FEHLCD::FEHLCDColor)
 .text._ZN6FEHLCD5ClearEj
                0x0001181c       0x2c Libraries\FEHLCD.o
                0x0001181c                FEHLCD::Clear(unsigned int)
 .text._ZN6FEHLCD18SetBackgroundColorENS_11FEHLCDColorE
                0x00011848       0x28 Libraries\FEHLCD.o
                0x00011848                FEHLCD::SetBackgroundColor(FEHLCD::FEHLCDColor)
 .text._ZN6FEHLCD18SetBackgroundColorEj
                0x00011870       0x28 Libraries\FEHLCD.o
                0x00011870                FEHLCD::SetBackgroundColor(unsigned int)
 .text._ZN6FEHLCD12SetFontColorENS_11FEHLCDColorE
                0x00011898       0x28 Libraries\FEHLCD.o
                0x00011898                FEHLCD::SetFontColor(FEHLCD::FEHLCDColor)
 .text._ZN6FEHLCD12SetFontColorEj
                0x000118c0       0x28 Libraries\FEHLCD.o
                0x000118c0                FEHLCD::SetFontColor(unsigned int)
 .text._ZN6FEHLCD7WriteAtEPKcii
                0x000118e8       0x58 Libraries\FEHLCD.o
                0x000118e8                FEHLCD::WriteAt(char const*, int, int)
 .text._ZN6FEHLCD11TS_SPI_InitEv
                0x00011940       0xa8 Libraries\FEHLCD.o
                0x00011940                FEHLCD::TS_SPI_Init()
 .text._ZN6FEHLCD10WriteIndexEh
                0x000119e8      0x288 Libraries\FEHLCD.o
                0x000119e8                FEHLCD::WriteIndex(unsigned char)
 .text._ZN6FEHLCD14WriteParameterEh
                0x00011c70      0x254 Libraries\FEHLCD.o
                0x00011c70                FEHLCD::WriteParameter(unsigned char)
 .text._ZN6FEHLCD6_ClearEv
                0x00011ec4      0x228 Libraries\FEHLCD.o
                0x00011ec4                FEHLCD::_Clear()
 .text._ZN6FEHLCD8NextLineEv
                0x000120ec       0x30 Libraries\FEHLCD.o
                0x000120ec                FEHLCD::NextLine()
 .text._ZN6FEHLCD9CheckLineEv
                0x0001211c       0x2c Libraries\FEHLCD.o
                0x0001211c                FEHLCD::CheckLine()
 .text._ZN6FEHLCD13SetDrawRegionEiiii
                0x00012148      0x10c Libraries\FEHLCD.o
                0x00012148                FEHLCD::SetDrawRegion(int, int, int, int)
 .text._ZN6FEHLCD11WriteCharAtEiic
                0x00012254      0x278 Libraries\FEHLCD.o
                0x00012254                FEHLCD::WriteCharAt(int, int, char)
 .text._ZN6FEHLCD11RepeatColorEv
                0x000124cc       0xbc Libraries\FEHLCD.o
                0x000124cc                FEHLCD::RepeatColor()
 .text._ZN6FEHLCD10_ForePixelEv
                0x00012588      0x160 Libraries\FEHLCD.o
                0x00012588                FEHLCD::_ForePixel()
 .text._ZN6FEHLCD10_BackPixelEv
                0x000126e8      0x160 Libraries\FEHLCD.o
                0x000126e8                FEHLCD::_BackPixel()
 .text._ZN6FEHLCD22SetRegisterColorValuesEv
                0x00012848      0x4c0 Libraries\FEHLCD.o
                0x00012848                FEHLCD::SetRegisterColorValues()
 .text._Z41__static_initialization_and_destruction_0ii
                0x00012d08       0x30 Libraries\FEHLCD.o
 .text._GLOBAL__sub_I_image
                0x00012d38       0x14 Libraries\FEHLCD.o
 .text._ZN8FEHAccelC2Ev
                0x00012d4c       0x8c Libraries\FEHAccel.o
                0x00012d4c                FEHAccel::FEHAccel()
                0x00012d4c                FEHAccel::FEHAccel()
 .text._Z41__static_initialization_and_destruction_0ii
                0x00012dd8       0x30 Libraries\FEHAccel.o
 .text._GLOBAL__sub_I_Accel
                0x00012e08       0x14 Libraries\FEHAccel.o
 .text._ZN10FEHBatteryC2EN5FEHIO8FEHIOPinE
                0x00012e1c       0x24 Libraries\FEHBattery.o
                0x00012e1c                FEHBattery::FEHBattery(FEHIO::FEHIOPin)
                0x00012e1c                FEHBattery::FEHBattery(FEHIO::FEHIOPin)
 .text._Z41__static_initialization_and_destruction_0ii
                0x00012e40       0x34 Libraries\FEHBattery.o
 .text._GLOBAL__sub_I_Battery
                0x00012e74       0x14 Libraries\FEHBattery.o
 .text._ZN7FEHXBeeC2Ev
                0x00012e88       0x20 Drivers\FEHXBee.o
                0x00012e88                FEHXBee::FEHXBee()
                0x00012e88                FEHXBee::FEHXBee()
 .text._ZN7FEHXBee17SetPacketCallBackEPFvPhhE
                0x00012ea8       0x20 Drivers\FEHXBee.o
                0x00012ea8                FEHXBee::SetPacketCallBack(void (*)(unsigned char*, unsigned char))
 .text._Z9UART0_ISRv
                0x00012ec8      0x174 Drivers\FEHXBee.o
                0x00012ec8                UART0_ISR()
 .text._ZN6FEHRPSC2Ev
                0x0001303c       0x88 Libraries\FEHRPS.o
                0x0001303c                FEHRPS::FEHRPS()
                0x0001303c                FEHRPS::FEHRPS()
 .text._Z14RPSDataProcessPhh
                0x000130c4      0x164 Libraries\FEHRPS.o
                0x000130c4                RPSDataProcess(unsigned char*, unsigned char)
 .text._Z41__static_initialization_and_destruction_0ii
                0x00013228       0x30 Libraries\FEHRPS.o
 .text._GLOBAL__sub_I_RPS
                0x00013258       0x14 Libraries\FEHRPS.o
 .text._ZN5FEHSDC2Ev
                0x0001326c       0x24 Libraries\FEHSD.o
                0x0001326c                FEHSD::FEHSD()
                0x0001326c                FEHSD::FEHSD()
 .text._ZN5FEHSD8CloseLogEv
                0x00013290       0x38 Libraries\FEHSD.o
                0x00013290                FEHSD::CloseLog()
 .text._Z41__static_initialization_and_destruction_0ii
                0x000132c8       0x30 Libraries\FEHSD.o
 .text._GLOBAL__sub_I_SD
                0x000132f8       0x14 Libraries\FEHSD.o
 .text.exit     0x0001330c       0x38 C:\fehqt\Proteus/EWL/lib/armv7e-m\libc.a(exit.o)
                0x0001330c                exit
 .text.memset   0x00013344        0xc C:\fehqt\Proteus/EWL/lib/armv7e-m\libc.a(memset.o)
                0x00013344                memset
 .text.strlen   0x00013350       0x10 C:\fehqt\Proteus/EWL/lib/armv7e-m\libc.a(strlen.o)
                0x00013350                strlen
 .text.long2str.isra.0
                0x00013360      0x196 C:\fehqt\Proteus/EWL/lib/armv7e-m\libc.a(printformat_.o)
 *fill*         0x000134f6        0x2 00
 .text.__pformatter_
                0x000134f8      0x3f8 C:\fehqt\Proteus/EWL/lib/armv7e-m\libc.a(printformat_.o)
                0x000134f8                __pformatter_
 .text.__sformatter
                0x000138f0      0x74e C:\fehqt\Proteus/EWL/lib/armv7e-m\libc.a(scanformat_.o)
                0x000138f0                __sformatter
 *fill*         0x0001403e        0x2 00
 .text.isalpha  0x00014040       0x1c C:\fehqt\Proteus/EWL/lib/armv7e-m\libc.a(ctype_aeabi.o)
                0x00014040                isalpha
 .text.isspace  0x0001405c       0x1c C:\fehqt\Proteus/EWL/lib/armv7e-m\libc.a(ctype_aeabi.o)
                0x0001405c                isspace
 .text.toupper  0x00014078        0xc C:\fehqt\Proteus/EWL/lib/armv7e-m\libc.a(ctype_aeabi.o)
                0x00014078                toupper
 .text.__strtoul
                0x00014084      0x1dc C:\fehqt\Proteus/EWL/lib/armv7e-m\libc.a(__strtoul.o)
                0x00014084                __strtoul
 .text.__fill_mem
                0x00014260       0x76 C:\fehqt\Proteus/EWL/lib/armv7e-m\libc.a(__filll_mem.o)
                0x00014260                __fill_mem
 .text.memchr   0x000142d6       0x1a C:\fehqt\Proteus/EWL/lib/armv7e-m\libc.a(memchr.o)
                0x000142d6                memchr
 .text.strchr   0x000142f0       0x1c C:\fehqt\Proteus/EWL/lib/armv7e-m\libc.a(strchr.o)
                0x000142f0                strchr
 .text.__init_cpp
                0x0001430c       0x4c C:\fehqt\Proteus/EWL/lib/armv7e-m\librt.a(gcc_ctor_dtor.o)
                0x0001430c                __init_cpp
 .text.__fini_cpp
                0x00014358       0x34 C:\fehqt\Proteus/EWL/lib/armv7e-m\librt.a(gcc_ctor_dtor.o)
                0x00014358                __fini_cpp
 .text.__copy_rom_section
                0x0001438c       0x44 C:\fehqt\Proteus/EWL/lib/armv7e-m\librt.a(ROMCopy.o)
                0x0001438c                __copy_rom_section
 .text.__copy_rom_sections_to_ram
                0x000143d0       0x34 C:\fehqt\Proteus/EWL/lib/armv7e-m\librt.a(ROMCopy.o)
                0x000143d0                __copy_rom_sections_to_ram
 .text.__destroy_global_chain
                0x00014404       0x1c C:\fehqt\Proteus/EWL/lib/armv7e-m\librt.a(__arm_eabi_init.o)
                0x00014404                __destroy_global_chain
 .text.__init_registers
                0x00014420       0x20 C:\fehqt\Proteus/EWL/lib/armv7e-m\librt.a(__arm_eabi_init.o)
                0x00014420                __init_registers
 .text.__init_user
                0x00014440        0x4 C:\fehqt\Proteus/EWL/lib/armv7e-m\librt.a(__arm_eabi_init.o)
                0x00014440                __init_user
 *(.rodata)
 .rodata        0x00014444       0x78 Libraries\FEHIO.o
 .rodata        0x000144bc       0x34 Libraries\FEHLCD.o
 *(.rodata*)
 .rodata.K60_SDHC0_init
                0x000144f0        0xc Drivers\SDHC.o
                0x000144f0                K60_SDHC0_init
 .rodata._ZL21ESDHC_COMMAND_XFERTYP
                0x000144fc      0x100 Drivers\SDHC.o
 .rodata._ZL9GPIOPorts
                0x000145fc       0x20 Libraries\FEHIO.o
 .rodata._ZL10ADCNumbers
                0x0001461c       0x24 Libraries\FEHIO.o
 .rodata._ZL14GPIOPinNumbers
                0x00014640       0x80 Libraries\FEHIO.o
 .rodata._ZL16AnalogPinNumbers
                0x000146c0       0x84 Libraries\FEHIO.o
 .rodata.str1.1
                0x00014744        0x1 C:\fehqt\Proteus/EWL/lib/armv7e-m\libc.a(printformat_.o)
 .rodata.__aeabi_ctype_table_C
                0x00014745      0x101 C:\fehqt\Proteus/EWL/lib/armv7e-m\libc.a(ctype_aeabi.o)
                0x00014745                __aeabi_ctype_table_C
 *(.glue_7)
 .glue_7        0x00000000        0x0 linker stubs
 *(.glue_7t)
 .glue_7t       0x00000000        0x0 linker stubs
 *(.eh_frame)
 *(.init)
 *(.fini)
                0x00014848                . = ALIGN (0x4)
 *fill*         0x00014846        0x2 00
                0x00014848                _etext = .

.vfp11_veneer   0x00014848        0x0
 .vfp11_veneer  0x00000000        0x0 linker stubs

.v4_bx          0x00014848        0x0
 .v4_bx         0x00000000        0x0 linker stubs

.ARM.extab
 *(.ARM.extab* .gnu.linkonce.armextab.*)

.ARM            0x00014848        0x0
                0x00014848                __exidx_start = .
 *(.ARM.exidx*)
                0x00014848                __exidx_end = .

.ctors          0x00014848        0x0
                0x00014848                __CTOR_LIST__ = .
 *crtbegin.o(.ctors)
 *(EXCLUDE_FILE(*crtend.o) .ctors)
 *(SORT(.ctors.*))
 *(.ctors)
                0x00014848                __CTOR_END__ = .

.dtors          0x00014848        0x0
                0x00014848                __DTOR_LIST__ = .
 *crtbegin.o(.dtors)
 *(EXCLUDE_FILE(*crtend.o) .dtors)
 *(SORT(.dtors.*))
 *(.dtors)
                0x00014848                __DTOR_END__ = .

.preinit_array  0x00014848        0x0
                0x00014848                PROVIDE (__preinit_array_start, .)
 *(.preinit_array*)
                0x00014848                PROVIDE (__preinit_array_end, .)

.init_array     0x00014848       0x20
                0x00014848                PROVIDE (__init_array_start, .)
 *(SORT(.init_array.*))
 *(.init_array*)
 .init_array    0x00014848        0x4 ..\main.o
 .init_array    0x0001484c        0x4 FEHProteus.o
 .init_array    0x00014850        0x4 Libraries\FEHBuzzer.o
 .init_array    0x00014854        0x4 Libraries\FEHLCD.o
 .init_array    0x00014858        0x4 Libraries\FEHAccel.o
 .init_array    0x0001485c        0x4 Libraries\FEHBattery.o
 .init_array    0x00014860        0x4 Libraries\FEHRPS.o
 .init_array    0x00014864        0x4 Libraries\FEHSD.o
                0x00014868                PROVIDE (__init_array_end, .)

.fini_array     0x00014868        0x0
                0x00014868                PROVIDE (__fini_array_start, .)
 *(SORT(.fini_array.*))
 *(.fini_array*)
                0x00014868                PROVIDE (__fini_array_end, .)
                0x00014868                ___ROM_AT = .

.data           0x1fff0400      0xd1c load address 0x00014868
                0x1fff0400                . = ALIGN (0x4)
                0x1fff0400                _sdata = .
 *(.data)
 *(.data*)
 .data._ZL4Stat
                0x1fff0400        0x1 Drivers\SDHC.o
 *fill*         0x1fff0401        0x3 00
 .data.image    0x1fff0404      0x750 Libraries\FEHLCD.o
                0x1fff0404                image
 .data.logo     0x1fff0b54      0x3e8 Libraries\FEHLCD.o
                0x1fff0b54                logo
 .data._ZN6FEHLCD8fontDataE
                0x1fff0f3c      0x1e0 Libraries\FEHLCD.o
                0x1fff0f3c                FEHLCD::fontData
                0x1fff111c                . = ALIGN (0x4)
                0x1fff111c                _edata = .
                0x00000d1c                ___data_size = (_edata - _sdata)
                0x00015584                ___m_data2_ROMStart = (___ROM_AT + SIZEOF (.data))

.user_data2     0x20000000        0x0 load address 0x00015584
                0x20000000                . = ALIGN (0x4)
                0x20000000                ___m_data2_RAMStart = .
 *(.data2)
                0x20000000                ___m_data2_RAMEnd = .
                0x20000000                . = ALIGN (0x4)
                0x00000000                ___m_data2_ROMSize = (___m_data2_RAMEnd - ___m_data2_RAMStart)
                0x20000000                . = ALIGN (0x4)

.bss            0x1fff111c      0x5e0 load address 0x00015584
                0x1fff111c                __START_BSS = .
                0x1fff111c                PROVIDE (__bss_start__, __START_BSS)
 *(.bss)
 *(.bss*)
 .bss.cdsCell   0x1fff111c        0x4 ..\main.o
                0x1fff111c                cdsCell
 .bss.frontLeftBump
                0x1fff1120        0x4 ..\main.o
                0x1fff1120                frontLeftBump
 .bss.frontRightBump
                0x1fff1124        0x4 ..\main.o
                0x1fff1124                frontRightBump
 .bss.backLeftBump
                0x1fff1128        0x4 ..\main.o
                0x1fff1128                backLeftBump
 .bss.backRightBump
                0x1fff112c        0x4 ..\main.o
                0x1fff112c                backRightBump
 .bss.leftMotor
                0x1fff1130        0x8 ..\main.o
                0x1fff1130                leftMotor
 .bss.rightMotor
                0x1fff1138        0x8 ..\main.o
                0x1fff1138                rightMotor
 .bss.servo     0x1fff1140        0xc ..\main.o
                0x1fff1140                servo
 .bss._ZL4argv  0x1fff114c        0x4 Startup\__arm_start.o
 .bss.MasterTransmission
                0x1fff1150        0x1 Drivers\i2c.o
                0x1fff1150                MasterTransmission
 .bss.SlaveID   0x1fff1151        0x1 Drivers\i2c.o
                0x1fff1151                SlaveID
 *fill*         0x1fff1152        0x2 00
 .bss.SDHC_Card
                0x1fff1154       0x14 Drivers\SDHC.o
                0x1fff1154                SDHC_Card
 .bss.SDHC_Info
                0x1fff1168      0x204 Drivers\SDHC.o
                0x1fff1168                SDHC_Info
 .bss.SDHC_Device
                0x1fff136c        0x8 Drivers\SDHC.o
                0x1fff136c                SDHC_Device
 .bss.Propeller
                0x1fff1374        0x4 FEHProteus.o
                0x1fff1374                Propeller
 .bss.CoreClockKHz
                0x1fff1378        0x4 FEHProteus.o
                0x1fff1378                CoreClockKHz
 .bss.CoreClockMHz
                0x1fff137c        0x4 FEHProteus.o
                0x1fff137c                CoreClockMHz
 .bss.PeripheralClockKHz
                0x1fff1380        0x4 FEHProteus.o
                0x1fff1380                PeripheralClockKHz
 .bss._ZN14AnalogInputPin17Master_Adc_ConfigE
                0x1fff1384       0x10 Libraries\FEHIO.o
                0x1fff1384                AnalogInputPin::Master_Adc_Config
 .bss._ZN14AnalogInputPin18Encoder_Adc_ConfigE
                0x1fff1394       0x10 Libraries\FEHIO.o
                0x1fff1394                AnalogInputPin::Encoder_Adc_Config
 .bss.interrupt_counts
                0x1fff13a4       0x80 Libraries\FEHIO.o
                0x1fff13a4                interrupt_counts
 .bss._ZN13AnalogEncoder7pinListE
                0x1fff1424        0x4 Libraries\FEHIO.o
                0x1fff1424                AnalogEncoder::pinList
 .bss.__interrupt_counter
                0x1fff1428        0x4 Libraries\FEHIO.o
                0x1fff1428                __interrupt_counter
 .bss.Buzzer    0x1fff142c        0x4 Libraries\FEHBuzzer.o
                0x1fff142c                Buzzer
 .bss.LCD       0x1fff1430       0x44 Libraries\FEHLCD.o
                0x1fff1430                LCD
 .bss.initialized
                0x1fff1474        0x1 Libraries\FEHLCD.o
                0x1fff1474                initialized
 *fill*         0x1fff1475        0x3 00
 .bss.Accel     0x1fff1478        0x4 Libraries\FEHAccel.o
                0x1fff1478                Accel
 .bss.Battery   0x1fff147c        0x4 Libraries\FEHBattery.o
                0x1fff147c                Battery
 .bss.XBeeDataProcess
                0x1fff1480        0x4 Drivers\FEHXBee.o
                0x1fff1480                XBeeDataProcess
 .bss._xbeebuffer
                0x1fff1484       0x10 Drivers\FEHXBee.o
                0x1fff1484                _xbeebuffer
 .bss._xbeebufferindex
                0x1fff1494        0x1 Drivers\FEHXBee.o
                0x1fff1494                _xbeebufferindex
 .bss._xbeestate
                0x1fff1495        0x1 Drivers\FEHXBee.o
                0x1fff1495                _xbeestate
 .bss._xbeebytereceived
                0x1fff1496        0x1 Drivers\FEHXBee.o
                0x1fff1496                _xbeebytereceived
 .bss._xbeebyte
                0x1fff1497        0x1 Drivers\FEHXBee.o
                0x1fff1497                _xbeebyte
 .bss.RPS       0x1fff1498        0x8 Libraries\FEHRPS.o
                0x1fff1498                RPS
 .bss._enabled  0x1fff14a0        0x1 Libraries\FEHRPS.o
                0x1fff14a0                _enabled
 *fill*         0x1fff14a1        0x3 00
 .bss._RPS_x    0x1fff14a4        0x4 Libraries\FEHRPS.o
                0x1fff14a4                _RPS_x
 .bss._RPS_y    0x1fff14a8        0x4 Libraries\FEHRPS.o
                0x1fff14a8                _RPS_y
 .bss._RPS_heading
                0x1fff14ac        0x4 Libraries\FEHRPS.o
                0x1fff14ac                _RPS_heading
 .bss._RPS_objective
                0x1fff14b0        0x4 Libraries\FEHRPS.o
                0x1fff14b0                _RPS_objective
 .bss._RPS_time
                0x1fff14b4        0x1 Libraries\FEHRPS.o
                0x1fff14b4                _RPS_time
 .bss._RPS_stop
                0x1fff14b5        0x1 Libraries\FEHRPS.o
                0x1fff14b5                _RPS_stop
 .bss._RPS_foundpacket
                0x1fff14b6        0x1 Libraries\FEHRPS.o
                0x1fff14b6                _RPS_foundpacket
 *fill*         0x1fff14b7        0x1 00
 .bss.SD        0x1fff14b8        0x4 Libraries\FEHSD.o
                0x1fff14b8                SD
 .bss.logfil    0x1fff14bc      0x228 Libraries\FEHSD.o
                0x1fff14bc                logfil
 .bss.__stdio_exit
                0x1fff16e4        0x4 C:\fehqt\Proteus/EWL/lib/armv7e-m\libc.a(exit.o)
                0x1fff16e4                __stdio_exit
 .bss.__console_exit
                0x1fff16e8        0x4 C:\fehqt\Proteus/EWL/lib/armv7e-m\libc.a(exit.o)
                0x1fff16e8                __console_exit
 .bss.__S_romp  0x1fff16ec        0xc C:\fehqt\Proteus/EWL/lib/armv7e-m\librt.a(ROMCopy.o)
 .bss.__global_destructor_chain
                0x1fff16f8        0x4 C:\fehqt\Proteus/EWL/lib/armv7e-m\librt.a(__arm_eabi_init.o)
                0x1fff16f8                __global_destructor_chain
 *(COMMON)
                0x1fff16fc                . = ALIGN (0x4)
                0x1fff16fc                __END_BSS = .
                0x1fff16fc                PROVIDE (__bss_end__, __END_BSS)

._user_heap_stack
                0x1fff16fc     0x1000 load address 0x00015b64
                0x1fff16fc                . = ALIGN (0x4)
                0x1fff16fc                PROVIDE (end, .)
                0x1fff16fc                PROVIDE (_end, .)
                0x1fff16fc                __heap_addr = .
                0x1fff1efc                . = (. + __heap_size)
 *fill*         0x1fff16fc      0x800 00
                0x1fff26fc                . = (. + __stack_size)
 *fill*         0x1fff1efc      0x800 00
                0x1fff26fc                . = ALIGN (0x4)
                0x00015584                _romp_at = ((___ROM_AT + SIZEOF (.data)) + SIZEOF (.user_data2))

.romp           0x20000000       0x24 load address 0x00015584
                0x00015584                __S_romp = _romp_at
                0x20000000        0x4 LONG 0x14868 ___ROM_AT
                0x20000004        0x4 LONG 0x1fff0400 _sdata
                0x20000008        0x4 LONG 0xd1c ___data_size
                0x2000000c        0x4 LONG 0x15584 ___m_data2_ROMStart
                0x20000010        0x4 LONG 0x20000000 ___m_data2_RAMStart
                0x20000014        0x4 LONG 0x0 ___m_data2_ROMSize
                0x20000018        0x4 LONG 0x0
                0x2000001c        0x4 LONG 0x0
                0x20000020        0x4 LONG 0x0

.ARM.attributes
                0x00000000       0x33
 *(.ARM.attributes)
 .ARM.attributes
                0x00000000       0x33 ..\main.o
 .ARM.attributes
                0x00000033       0x33 Startup\__arm_start.o
 .ARM.attributes
                0x00000066       0x33 Startup\__arm_end.o
 .ARM.attributes
                0x00000099       0x33 Startup\kinetis_sysinit.o
 .ARM.attributes
                0x000000cc       0x33 Libraries\FEHMotor.o
 .ARM.attributes
                0x000000ff       0x33 Drivers\i2c.o
 .ARM.attributes
                0x00000132       0x33 Drivers\spi.o
 .ARM.attributes
                0x00000165       0x33 Drivers\uart.o
 .ARM.attributes
                0x00000198       0x33 Drivers\ff.o
 .ARM.attributes
                0x000001cb       0x33 Drivers\SDHC.o
 .ARM.attributes
                0x000001fe       0x33 Drivers\lptmr.o
 .ARM.attributes
                0x00000231       0x33 FEHProteus.o
 .ARM.attributes
                0x00000264       0x33 Drivers\FEHPropeller.o
 .ARM.attributes
                0x00000297       0x33 Libraries\FEHUtility.o
 .ARM.attributes
                0x000002ca       0x33 Libraries\FEHIO.o
 .ARM.attributes
                0x000002fd       0x33 Drivers\adc16.o
 .ARM.attributes
                0x00000330       0x33 Libraries\FEHBuzzer.o
 .ARM.attributes
                0x00000363       0x33 Libraries\FEHServo.o
 .ARM.attributes
                0x00000396       0x33 Libraries\FEHLCD.o
 .ARM.attributes
                0x000003c9       0x33 Libraries\FEHAccel.o
 .ARM.attributes
                0x000003fc       0x33 Libraries\FEHBattery.o
 .ARM.attributes
                0x0000042f       0x33 Drivers\FEHXBee.o
 .ARM.attributes
                0x00000462       0x33 Libraries\FEHRPS.o
 .ARM.attributes
                0x00000495       0x33 Libraries\FEHSD.o
 .ARM.attributes
                0x000004c8       0x33 C:\fehqt\Proteus/EWL/lib/armv7e-m\libc.a(exit.o)
 .ARM.attributes
                0x000004fb       0x33 C:\fehqt\Proteus/EWL/lib/armv7e-m\libc.a(memset.o)
 .ARM.attributes
                0x0000052e       0x33 C:\fehqt\Proteus/EWL/lib/armv7e-m\libc.a(strlen.o)
 .ARM.attributes
                0x00000561       0x33 C:\fehqt\Proteus/EWL/lib/armv7e-m\libc.a(printformat_.o)
 .ARM.attributes
                0x00000594       0x33 C:\fehqt\Proteus/EWL/lib/armv7e-m\libc.a(scanformat_.o)
 .ARM.attributes
                0x000005c7       0x33 C:\fehqt\Proteus/EWL/lib/armv7e-m\libc.a(ctype_aeabi.o)
 .ARM.attributes
                0x000005fa       0x33 C:\fehqt\Proteus/EWL/lib/armv7e-m\libc.a(__strtoul.o)
 .ARM.attributes
                0x0000062d       0x33 C:\fehqt\Proteus/EWL/lib/armv7e-m\libc.a(__filll_mem.o)
 .ARM.attributes
                0x00000660       0x33 C:\fehqt\Proteus/EWL/lib/armv7e-m\libc.a(memchr.o)
 .ARM.attributes
                0x00000693       0x33 C:\fehqt\Proteus/EWL/lib/armv7e-m\libc.a(strchr.o)
 .ARM.attributes
                0x000006c6       0x1e c:/fehqt/proteus/gcc/bin/../lib/gcc/arm-none-eabi/4.6.2/armv7e-m\libgcc.a(_arm_addsubdf3.o)
 .ARM.attributes
                0x000006e4       0x1e c:/fehqt/proteus/gcc/bin/../lib/gcc/arm-none-eabi/4.6.2/armv7e-m\libgcc.a(_arm_muldivdf3.o)
 .ARM.attributes
                0x00000702       0x1e c:/fehqt/proteus/gcc/bin/../lib/gcc/arm-none-eabi/4.6.2/armv7e-m\libgcc.a(_arm_fixdfsi.o)
 .ARM.attributes
                0x00000720       0x1e c:/fehqt/proteus/gcc/bin/../lib/gcc/arm-none-eabi/4.6.2/armv7e-m\libgcc.a(_arm_fixunsdfsi.o)
 .ARM.attributes
                0x0000073e       0x1e c:/fehqt/proteus/gcc/bin/../lib/gcc/arm-none-eabi/4.6.2/armv7e-m\libgcc.a(_arm_truncdfsf2.o)
 .ARM.attributes
                0x0000075c       0x1e c:/fehqt/proteus/gcc/bin/../lib/gcc/arm-none-eabi/4.6.2/armv7e-m\libgcc.a(_arm_addsubsf3.o)
 .ARM.attributes
                0x0000077a       0x1e c:/fehqt/proteus/gcc/bin/../lib/gcc/arm-none-eabi/4.6.2/armv7e-m\libgcc.a(_arm_muldivsf3.o)
 .ARM.attributes
                0x00000798       0x1e c:/fehqt/proteus/gcc/bin/../lib/gcc/arm-none-eabi/4.6.2/armv7e-m\libgcc.a(_arm_cmpsf2.o)
 .ARM.attributes
                0x000007b6       0x33 C:\fehqt\Proteus/EWL/lib/armv7e-m\librt.a(gcc_ctor_dtor.o)
 .ARM.attributes
                0x000007e9       0x33 C:\fehqt\Proteus/EWL/lib/armv7e-m\librt.a(ROMCopy.o)
 .ARM.attributes
                0x0000081c       0x33 C:\fehqt\Proteus/EWL/lib/armv7e-m\librt.a(__arm_eabi_init.o)
OUTPUT(../t4-feh-proteus-robot.elf elf32-littlearm)

.debug_info     0x00000000    0x13ee1
 .debug_info    0x00000000     0x120c ..\main.o
 .debug_info    0x0000120c     0x12c5 Startup\__arm_start.o
 .debug_info    0x000024d1       0x58 Startup\__arm_end.o
 .debug_info    0x00002529      0x57d Startup\kinetis_sysinit.o
 .debug_info    0x00002aa6      0x335 Libraries\FEHMotor.o
 .debug_info    0x00002ddb      0x250 Drivers\i2c.o
 .debug_info    0x0000302b      0x6cf Drivers\spi.o
 .debug_info    0x000036fa      0x59c Drivers\uart.o
 .debug_info    0x00003c96     0x1da0 Drivers\ff.o
 .debug_info    0x00005a36      0xf1d Drivers\SDHC.o
 .debug_info    0x00006953      0x2de Drivers\lptmr.o
 .debug_info    0x00006c31      0x1a7 FEHProteus.o
 .debug_info    0x00006dd8      0x722 Drivers\FEHPropeller.o
 .debug_info    0x000074fa      0x36c Libraries\FEHUtility.o
 .debug_info    0x00007866     0x1c6a Libraries\FEHIO.o
 .debug_info    0x000094d0      0x4ab Drivers\adc16.o
 .debug_info    0x0000997b      0xa42 Libraries\FEHBuzzer.o
 .debug_info    0x0000a3bd     0x1500 Libraries\FEHServo.o
 .debug_info    0x0000b8bd     0x2c25 Libraries\FEHLCD.o
 .debug_info    0x0000e4e2      0x26a Libraries\FEHAccel.o
 .debug_info    0x0000e74c      0x3a9 Libraries\FEHBattery.o
 .debug_info    0x0000eaf5      0xac3 Drivers\FEHXBee.o
 .debug_info    0x0000f5b8     0x1ac6 Libraries\FEHRPS.o
 .debug_info    0x0001107e     0x1242 Libraries\FEHSD.o
 .debug_info    0x000122c0      0x103 C:\fehqt\Proteus/EWL/lib/armv7e-m\libc.a(exit.o)
 .debug_info    0x000123c3       0xf4 C:\fehqt\Proteus/EWL/lib/armv7e-m\libc.a(memset.o)
 .debug_info    0x000124b7       0xf3 C:\fehqt\Proteus/EWL/lib/armv7e-m\libc.a(strlen.o)
 .debug_info    0x000125aa      0x512 C:\fehqt\Proteus/EWL/lib/armv7e-m\libc.a(printformat_.o)
 .debug_info    0x00012abc      0x564 C:\fehqt\Proteus/EWL/lib/armv7e-m\libc.a(scanformat_.o)
 .debug_info    0x00013020      0x32a C:\fehqt\Proteus/EWL/lib/armv7e-m\libc.a(ctype_aeabi.o)
 .debug_info    0x0001334a      0x1d7 C:\fehqt\Proteus/EWL/lib/armv7e-m\libc.a(__strtoul.o)
 .debug_info    0x00013521      0x13d C:\fehqt\Proteus/EWL/lib/armv7e-m\libc.a(__filll_mem.o)
 .debug_info    0x0001365e      0x129 C:\fehqt\Proteus/EWL/lib/armv7e-m\libc.a(memchr.o)
 .debug_info    0x00013787      0x110 C:\fehqt\Proteus/EWL/lib/armv7e-m\libc.a(strchr.o)
 .debug_info    0x00013897      0x1c0 C:\fehqt\Proteus/EWL/lib/armv7e-m\librt.a(gcc_ctor_dtor.o)
 .debug_info    0x00013a57      0x1b8 C:\fehqt\Proteus/EWL/lib/armv7e-m\librt.a(ROMCopy.o)
 .debug_info    0x00013c0f      0x2d2 C:\fehqt\Proteus/EWL/lib/armv7e-m\librt.a(__arm_eabi_init.o)

.debug_abbrev   0x00000000     0x3b43
 .debug_abbrev  0x00000000      0x2aa ..\main.o
 .debug_abbrev  0x000002aa      0x28f Startup\__arm_start.o
 .debug_abbrev  0x00000539       0x45 Startup\__arm_end.o
 .debug_abbrev  0x0000057e      0x18a Startup\kinetis_sysinit.o
 .debug_abbrev  0x00000708      0x18c Libraries\FEHMotor.o
 .debug_abbrev  0x00000894       0xfc Drivers\i2c.o
 .debug_abbrev  0x00000990      0x18b Drivers\spi.o
 .debug_abbrev  0x00000b1b      0x15f Drivers\uart.o
 .debug_abbrev  0x00000c7a      0x18f Drivers\ff.o
 .debug_abbrev  0x00000e09      0x223 Drivers\SDHC.o
 .debug_abbrev  0x0000102c       0xd2 Drivers\lptmr.o
 .debug_abbrev  0x000010fe      0x101 FEHProteus.o
 .debug_abbrev  0x000011ff      0x1c6 Drivers\FEHPropeller.o
 .debug_abbrev  0x000013c5      0x154 Libraries\FEHUtility.o
 .debug_abbrev  0x00001519      0x448 Libraries\FEHIO.o
 .debug_abbrev  0x00001961      0x12a Drivers\adc16.o
 .debug_abbrev  0x00001a8b      0x1da Libraries\FEHBuzzer.o
 .debug_abbrev  0x00001c65      0x312 Libraries\FEHServo.o
 .debug_abbrev  0x00001f77      0x38c Libraries\FEHLCD.o
 .debug_abbrev  0x00002303      0x13b Libraries\FEHAccel.o
 .debug_abbrev  0x0000243e      0x1cb Libraries\FEHBattery.o
 .debug_abbrev  0x00002609      0x231 Drivers\FEHXBee.o
 .debug_abbrev  0x0000283a      0x37f Libraries\FEHRPS.o
 .debug_abbrev  0x00002bb9      0x33a Libraries\FEHSD.o
 .debug_abbrev  0x00002ef3       0x8f C:\fehqt\Proteus/EWL/lib/armv7e-m\libc.a(exit.o)
 .debug_abbrev  0x00002f82       0x66 C:\fehqt\Proteus/EWL/lib/armv7e-m\libc.a(memset.o)
 .debug_abbrev  0x00002fe8       0x7e C:\fehqt\Proteus/EWL/lib/armv7e-m\libc.a(strlen.o)
 .debug_abbrev  0x00003066      0x204 C:\fehqt\Proteus/EWL/lib/armv7e-m\libc.a(printformat_.o)
 .debug_abbrev  0x0000326a      0x1fb C:\fehqt\Proteus/EWL/lib/armv7e-m\libc.a(scanformat_.o)
 .debug_abbrev  0x00003465       0x9a C:\fehqt\Proteus/EWL/lib/armv7e-m\libc.a(ctype_aeabi.o)
 .debug_abbrev  0x000034ff       0xc6 C:\fehqt\Proteus/EWL/lib/armv7e-m\libc.a(__strtoul.o)
 .debug_abbrev  0x000035c5       0x8b C:\fehqt\Proteus/EWL/lib/armv7e-m\libc.a(__filll_mem.o)
 .debug_abbrev  0x00003650       0x99 C:\fehqt\Proteus/EWL/lib/armv7e-m\libc.a(memchr.o)
 .debug_abbrev  0x000036e9       0x8d C:\fehqt\Proteus/EWL/lib/armv7e-m\libc.a(strchr.o)
 .debug_abbrev  0x00003776       0x9d C:\fehqt\Proteus/EWL/lib/armv7e-m\librt.a(gcc_ctor_dtor.o)
 .debug_abbrev  0x00003813      0x160 C:\fehqt\Proteus/EWL/lib/armv7e-m\librt.a(ROMCopy.o)
 .debug_abbrev  0x00003973      0x1d0 C:\fehqt\Proteus/EWL/lib/armv7e-m\librt.a(__arm_eabi_init.o)

.debug_loc      0x00000000     0x6556
 .debug_loc     0x00000000      0x1e8 ..\main.o
 .debug_loc     0x000001e8       0xb0 Startup\__arm_start.o
 .debug_loc     0x00000298       0x38 Startup\__arm_end.o
 .debug_loc     0x000002d0       0x84 Startup\kinetis_sysinit.o
 .debug_loc     0x00000354       0xe0 Libraries\FEHMotor.o
 .debug_loc     0x00000434       0xe0 Drivers\i2c.o
 .debug_loc     0x00000514      0x19c Drivers\spi.o
 .debug_loc     0x000006b0       0xe0 Drivers\uart.o
 .debug_loc     0x00000790      0xa96 Drivers\ff.o
 .debug_loc     0x00001226      0x370 Drivers\SDHC.o
 .debug_loc     0x00001596       0x38 Drivers\lptmr.o
 .debug_loc     0x000015ce       0x64 FEHProteus.o
 .debug_loc     0x00001632      0x118 Drivers\FEHPropeller.o
 .debug_loc     0x0000174a      0x1a8 Libraries\FEHUtility.o
 .debug_loc     0x000018f2      0x8d6 Libraries\FEHIO.o
 .debug_loc     0x000021c8       0xa8 Drivers\adc16.o
 .debug_loc     0x00002270      0x304 Libraries\FEHBuzzer.o
 .debug_loc     0x00002574      0x1fa Libraries\FEHServo.o
 .debug_loc     0x0000276e     0x1147 Libraries\FEHLCD.o
 .debug_loc     0x000038b5      0x144 Libraries\FEHAccel.o
 .debug_loc     0x000039f9       0xd4 Libraries\FEHBattery.o
 .debug_loc     0x00003acd      0x1c0 Drivers\FEHXBee.o
 .debug_loc     0x00003c8d      0x420 Libraries\FEHRPS.o
 .debug_loc     0x000040ad      0x188 Libraries\FEHSD.o
 .debug_loc     0x00004235       0x3e C:\fehqt\Proteus/EWL/lib/armv7e-m\libc.a(exit.o)
 .debug_loc     0x00004273       0x64 C:\fehqt\Proteus/EWL/lib/armv7e-m\libc.a(memset.o)
 .debug_loc     0x000042d7       0x31 C:\fehqt\Proteus/EWL/lib/armv7e-m\libc.a(strlen.o)
 .debug_loc     0x00004308     0x106f C:\fehqt\Proteus/EWL/lib/armv7e-m\libc.a(printformat_.o)
 .debug_loc     0x00005377      0x8cb C:\fehqt\Proteus/EWL/lib/armv7e-m\libc.a(scanformat_.o)
 .debug_loc     0x00005c42      0x18e C:\fehqt\Proteus/EWL/lib/armv7e-m\libc.a(ctype_aeabi.o)
 .debug_loc     0x00005dd0      0x2ad C:\fehqt\Proteus/EWL/lib/armv7e-m\libc.a(__strtoul.o)
 .debug_loc     0x0000607d      0x12c C:\fehqt\Proteus/EWL/lib/armv7e-m\libc.a(__filll_mem.o)
 .debug_loc     0x000061a9       0x82 C:\fehqt\Proteus/EWL/lib/armv7e-m\libc.a(memchr.o)
 .debug_loc     0x0000622b       0x78 C:\fehqt\Proteus/EWL/lib/armv7e-m\libc.a(strchr.o)
 .debug_loc     0x000062a3       0xbe C:\fehqt\Proteus/EWL/lib/armv7e-m\librt.a(gcc_ctor_dtor.o)
 .debug_loc     0x00006361       0x9b C:\fehqt\Proteus/EWL/lib/armv7e-m\librt.a(ROMCopy.o)
 .debug_loc     0x000063fc      0x15a C:\fehqt\Proteus/EWL/lib/armv7e-m\librt.a(__arm_eabi_init.o)

.debug_aranges  0x00000000      0xe50
 .debug_aranges
                0x00000000       0x68 ..\main.o
 .debug_aranges
                0x00000068       0x48 Startup\__arm_start.o
 .debug_aranges
                0x000000b0       0x20 Startup\__arm_end.o
 .debug_aranges
                0x000000d0       0x30 Startup\kinetis_sysinit.o
 .debug_aranges
                0x00000100       0x38 Libraries\FEHMotor.o
 .debug_aranges
                0x00000138       0x38 Drivers\i2c.o
 .debug_aranges
                0x00000170       0x58 Drivers\spi.o
 .debug_aranges
                0x000001c8       0x38 Drivers\uart.o
 .debug_aranges
                0x00000200      0x198 Drivers\ff.o
 .debug_aranges
                0x00000398       0x98 Drivers\SDHC.o
 .debug_aranges
                0x00000430       0x20 Drivers\lptmr.o
 .debug_aranges
                0x00000450       0x28 FEHProteus.o
 .debug_aranges
                0x00000478       0x40 Drivers\FEHPropeller.o
 .debug_aranges
                0x000004b8       0x58 Libraries\FEHUtility.o
 .debug_aranges
                0x00000510      0x160 Libraries\FEHIO.o
 .debug_aranges
                0x00000670       0x30 Drivers\adc16.o
 .debug_aranges
                0x000006a0       0x88 Libraries\FEHBuzzer.o
 .debug_aranges
                0x00000728       0x60 Libraries\FEHServo.o
 .debug_aranges
                0x00000788      0x290 Libraries\FEHLCD.o
 .debug_aranges
                0x00000a18       0x48 Libraries\FEHAccel.o
 .debug_aranges
                0x00000a60       0x38 Libraries\FEHBattery.o
 .debug_aranges
                0x00000a98       0x58 Drivers\FEHXBee.o
 .debug_aranges
                0x00000af0       0xb0 Libraries\FEHRPS.o
 .debug_aranges
                0x00000ba0       0x50 Libraries\FEHSD.o
 .debug_aranges
                0x00000bf0       0x20 C:\fehqt\Proteus/EWL/lib/armv7e-m\libc.a(exit.o)
 .debug_aranges
                0x00000c10       0x20 C:\fehqt\Proteus/EWL/lib/armv7e-m\libc.a(memset.o)
 .debug_aranges
                0x00000c30       0x20 C:\fehqt\Proteus/EWL/lib/armv7e-m\libc.a(strlen.o)
 .debug_aranges
                0x00000c50       0x28 C:\fehqt\Proteus/EWL/lib/armv7e-m\libc.a(printformat_.o)
 .debug_aranges
                0x00000c78       0x20 C:\fehqt\Proteus/EWL/lib/armv7e-m\libc.a(scanformat_.o)
 .debug_aranges
                0x00000c98       0x88 C:\fehqt\Proteus/EWL/lib/armv7e-m\libc.a(ctype_aeabi.o)
 .debug_aranges
                0x00000d20       0x20 C:\fehqt\Proteus/EWL/lib/armv7e-m\libc.a(__strtoul.o)
 .debug_aranges
                0x00000d40       0x20 C:\fehqt\Proteus/EWL/lib/armv7e-m\libc.a(__filll_mem.o)
 .debug_aranges
                0x00000d60       0x20 C:\fehqt\Proteus/EWL/lib/armv7e-m\libc.a(memchr.o)
 .debug_aranges
                0x00000d80       0x20 C:\fehqt\Proteus/EWL/lib/armv7e-m\libc.a(strchr.o)
 .debug_aranges
                0x00000da0       0x28 C:\fehqt\Proteus/EWL/lib/armv7e-m\librt.a(gcc_ctor_dtor.o)
 .debug_aranges
                0x00000dc8       0x30 C:\fehqt\Proteus/EWL/lib/armv7e-m\librt.a(ROMCopy.o)
 .debug_aranges
                0x00000df8       0x58 C:\fehqt\Proteus/EWL/lib/armv7e-m\librt.a(__arm_eabi_init.o)

.debug_line     0x00000000     0x7930
 .debug_line    0x00000000      0x397 ..\main.o
 .debug_line    0x00000397      0x3ad Startup\__arm_start.o
 .debug_line    0x00000744      0x21a Startup\__arm_end.o
 .debug_line    0x0000095e      0x283 Startup\kinetis_sysinit.o
 .debug_line    0x00000be1      0x237 Libraries\FEHMotor.o
 .debug_line    0x00000e18      0x2ad Drivers\i2c.o
 .debug_line    0x000010c5      0x295 Drivers\spi.o
 .debug_line    0x0000135a      0x212 Drivers\uart.o
 .debug_line    0x0000156c     0x1114 Drivers\ff.o
 .debug_line    0x00002680      0x678 Drivers\SDHC.o
 .debug_line    0x00002cf8      0x1c0 Drivers\lptmr.o
 .debug_line    0x00002eb8      0x1da FEHProteus.o
 .debug_line    0x00003092      0x264 Drivers\FEHPropeller.o
 .debug_line    0x000032f6      0x282 Libraries\FEHUtility.o
 .debug_line    0x00003578      0x6ee Libraries\FEHIO.o
 .debug_line    0x00003c66      0x20f Drivers\adc16.o
 .debug_line    0x00003e75      0x2df Libraries\FEHBuzzer.o
 .debug_line    0x00004154      0x545 Libraries\FEHServo.o
 .debug_line    0x00004699     0x1151 Libraries\FEHLCD.o
 .debug_line    0x000057ea      0x23f Libraries\FEHAccel.o
 .debug_line    0x00005a29      0x218 Libraries\FEHBattery.o
 .debug_line    0x00005c41      0x349 Drivers\FEHXBee.o
 .debug_line    0x00005f8a      0x74a Libraries\FEHRPS.o
 .debug_line    0x000066d4      0x334 Libraries\FEHSD.o
 .debug_line    0x00006a08       0x94 C:\fehqt\Proteus/EWL/lib/armv7e-m\libc.a(exit.o)
 .debug_line    0x00006a9c       0x8f C:\fehqt\Proteus/EWL/lib/armv7e-m\libc.a(memset.o)
 .debug_line    0x00006b2b       0x89 C:\fehqt\Proteus/EWL/lib/armv7e-m\libc.a(strlen.o)
 .debug_line    0x00006bb4      0x2c6 C:\fehqt\Proteus/EWL/lib/armv7e-m\libc.a(printformat_.o)
 .debug_line    0x00006e7a      0x2e3 C:\fehqt\Proteus/EWL/lib/armv7e-m\libc.a(scanformat_.o)
 .debug_line    0x0000715d      0x1dd C:\fehqt\Proteus/EWL/lib/armv7e-m\libc.a(ctype_aeabi.o)
 .debug_line    0x0000733a      0x141 C:\fehqt\Proteus/EWL/lib/armv7e-m\libc.a(__strtoul.o)
 .debug_line    0x0000747b      0x121 C:\fehqt\Proteus/EWL/lib/armv7e-m\libc.a(__filll_mem.o)
 .debug_line    0x0000759c       0xa3 C:\fehqt\Proteus/EWL/lib/armv7e-m\libc.a(memchr.o)
 .debug_line    0x0000763f       0x84 C:\fehqt\Proteus/EWL/lib/armv7e-m\libc.a(strchr.o)
 .debug_line    0x000076c3       0x94 C:\fehqt\Proteus/EWL/lib/armv7e-m\librt.a(gcc_ctor_dtor.o)
 .debug_line    0x00007757       0xc0 C:\fehqt\Proteus/EWL/lib/armv7e-m\librt.a(ROMCopy.o)
 .debug_line    0x00007817      0x119 C:\fehqt\Proteus/EWL/lib/armv7e-m\librt.a(__arm_eabi_init.o)

.debug_macinfo  0x00000000   0x89afc7
 .debug_macinfo
                0x00000000    0x643d0 ..\main.o
 .debug_macinfo
                0x000643d0    0x647fb Startup\__arm_start.o
 .debug_macinfo
                0x000c8bcb     0x3464 Startup\__arm_end.o
 .debug_macinfo
                0x000cc02f    0x64cce Startup\kinetis_sysinit.o
 .debug_macinfo
                0x00130cfd    0x6305c Libraries\FEHMotor.o
 .debug_macinfo
                0x00193d59    0x6318f Drivers\i2c.o
 .debug_macinfo
                0x001f6ee8    0x62fd6 Drivers\spi.o
 .debug_macinfo
                0x00259ebe    0x62fc7 Drivers\uart.o
 .debug_macinfo
                0x002bce85     0x4396 Drivers\ff.o
 .debug_macinfo
                0x002c121b    0x6452b Drivers\SDHC.o
 .debug_macinfo
                0x00325746    0x63036 Drivers\lptmr.o
 .debug_macinfo
                0x0038877c    0x62fdc FEHProteus.o
 .debug_macinfo
                0x003eb758    0x63085 Drivers\FEHPropeller.o
 .debug_macinfo
                0x0044e7dd    0x62ff1 Libraries\FEHUtility.o
 .debug_macinfo
                0x004b17ce    0x64348 Libraries\FEHIO.o
 .debug_macinfo
                0x00515b16    0x63678 Drivers\adc16.o
 .debug_macinfo
                0x0057918e    0x6301e Libraries\FEHBuzzer.o
 .debug_macinfo
                0x005dc1ac    0x64476 Libraries\FEHServo.o
 .debug_macinfo
                0x00640622    0x649ab Libraries\FEHLCD.o
 .debug_macinfo
                0x006a4fcd    0x631be Libraries\FEHAccel.o
 .debug_macinfo
                0x0070818b    0x636a3 Libraries\FEHBattery.o
 .debug_macinfo
                0x0076b82e    0x63d5d Drivers\FEHXBee.o
 .debug_macinfo
                0x007cf58b    0x661ab Libraries\FEHRPS.o
 .debug_macinfo
                0x00835736    0x65891 Libraries\FEHSD.o

.debug_str      0x00000000     0x4e93
 .debug_str     0x00000000     0x1211 ..\main.o
                               0x12b1 (size before relaxing)
 .debug_str     0x00001211      0x361 Startup\__arm_start.o
                                0xe8e (size before relaxing)
 .debug_str     0x00001572       0x23 Startup\__arm_end.o
                                 0xe2 (size before relaxing)
 .debug_str     0x00001595      0x1d6 Startup\kinetis_sysinit.o
                                0x38d (size before relaxing)
 .debug_str     0x0000176b       0x2f Libraries\FEHMotor.o
                                0x300 (size before relaxing)
 .debug_str     0x0000179a      0x11a Drivers\i2c.o
                                0x229 (size before relaxing)
 .debug_str     0x000018b4      0x18b Drivers\spi.o
                                0x3e2 (size before relaxing)
 .debug_str     0x00001a3f      0x188 Drivers\uart.o
                                0x377 (size before relaxing)
 .debug_str     0x00001bc7      0x6b5 Drivers\ff.o
                                0x87a (size before relaxing)
 .debug_str     0x0000227c      0x546 Drivers\SDHC.o
                                0x850 (size before relaxing)
 .debug_str     0x000027c2       0x5a Drivers\lptmr.o
                                0x230 (size before relaxing)
 .debug_str     0x0000281c       0x28 FEHProteus.o
                                0x27c (size before relaxing)
 .debug_str     0x00002844       0x25 Drivers\FEHPropeller.o
                                0x3bd (size before relaxing)
 .debug_str     0x00002869       0xc0 Libraries\FEHUtility.o
                                0x201 (size before relaxing)
 .debug_str     0x00002929      0xdf2 Libraries\FEHIO.o
                               0x12d2 (size before relaxing)
 .debug_str     0x0000371b       0xd7 Drivers\adc16.o
                                0x2c1 (size before relaxing)
 .debug_str     0x000037f2      0x1ba Libraries\FEHBuzzer.o
                                0x3d3 (size before relaxing)
 .debug_str     0x000039ac      0x24c Libraries\FEHServo.o
                               0x1133 (size before relaxing)
 .debug_str     0x00003bf8      0x2c3 Libraries\FEHLCD.o
                               0x1134 (size before relaxing)
 .debug_str     0x00003ebb       0x68 Libraries\FEHAccel.o
                                0x1c5 (size before relaxing)
 .debug_str     0x00003f23       0x5d Libraries\FEHBattery.o
                                0x386 (size before relaxing)
 .debug_str     0x00003f80      0x1f6 Drivers\FEHXBee.o
                                0x56c (size before relaxing)
 .debug_str     0x00004176      0x413 Libraries\FEHRPS.o
                               0x15de (size before relaxing)
 .debug_str     0x00004589       0x75 Libraries\FEHSD.o
                                0xf51 (size before relaxing)
 .debug_str     0x000045fe       0xbd C:\fehqt\Proteus/EWL/lib/armv7e-m\libc.a(exit.o)
                                0x14e (size before relaxing)
 .debug_str     0x000046bb       0x1c C:\fehqt\Proteus/EWL/lib/armv7e-m\libc.a(memset.o)
                                0x140 (size before relaxing)
 .debug_str     0x000046d7       0x24 C:\fehqt\Proteus/EWL/lib/armv7e-m\libc.a(strlen.o)
                                0x140 (size before relaxing)
 .debug_str     0x000046fb      0x21a C:\fehqt\Proteus/EWL/lib/armv7e-m\libc.a(printformat_.o)
                                0x3aa (size before relaxing)
 .debug_str     0x00004915      0x17b C:\fehqt\Proteus/EWL/lib/armv7e-m\libc.a(scanformat_.o)
                                0x3f0 (size before relaxing)
 .debug_str     0x00004a90       0x9d C:\fehqt\Proteus/EWL/lib/armv7e-m\libc.a(ctype_aeabi.o)
                                0x1b3 (size before relaxing)
 .debug_str     0x00004b2d       0x55 C:\fehqt\Proteus/EWL/lib/armv7e-m\libc.a(__strtoul.o)
                                0x1f2 (size before relaxing)
 .debug_str     0x00004b82       0x25 C:\fehqt\Proteus/EWL/lib/armv7e-m\libc.a(__filll_mem.o)
                                0x152 (size before relaxing)
 .debug_str     0x00004ba7       0x1c C:\fehqt\Proteus/EWL/lib/armv7e-m\libc.a(memchr.o)
                                0x148 (size before relaxing)
 .debug_str     0x00004bc3       0x1c C:\fehqt\Proteus/EWL/lib/armv7e-m\libc.a(strchr.o)
                                0x137 (size before relaxing)
 .debug_str     0x00004bdf      0x126 C:\fehqt\Proteus/EWL/lib/armv7e-m\librt.a(gcc_ctor_dtor.o)
                                0x185 (size before relaxing)
 .debug_str     0x00004d05       0x9b C:\fehqt\Proteus/EWL/lib/armv7e-m\librt.a(ROMCopy.o)
                                0x140 (size before relaxing)
 .debug_str     0x00004da0       0xf3 C:\fehqt\Proteus/EWL/lib/armv7e-m\librt.a(__arm_eabi_init.o)
                                0x1ac (size before relaxing)

.comment        0x00000000       0x79
 .comment       0x00000000       0x79 ..\main.o
                                 0x7a (size before relaxing)
 .comment       0x00000000       0x7a Startup\__arm_start.o
 .comment       0x00000000       0x7a Startup\__arm_end.o
 .comment       0x00000000       0x7a Startup\kinetis_sysinit.o
 .comment       0x00000000       0x7a Libraries\FEHMotor.o
 .comment       0x00000000       0x7a Drivers\i2c.o
 .comment       0x00000000       0x7a Drivers\spi.o
 .comment       0x00000000       0x7a Drivers\uart.o
 .comment       0x00000000       0x7a Drivers\ff.o
 .comment       0x00000000       0x7a Drivers\SDHC.o
 .comment       0x00000000       0x7a Drivers\lptmr.o
 .comment       0x00000000       0x7a FEHProteus.o
 .comment       0x00000000       0x7a Drivers\FEHPropeller.o
 .comment       0x00000000       0x7a Libraries\FEHUtility.o
 .comment       0x00000000       0x7a Libraries\FEHIO.o
 .comment       0x00000000       0x7a Drivers\adc16.o
 .comment       0x00000000       0x7a Libraries\FEHBuzzer.o
 .comment       0x00000000       0x7a Libraries\FEHServo.o
 .comment       0x00000000       0x7a Libraries\FEHLCD.o
 .comment       0x00000000       0x7a Libraries\FEHAccel.o
 .comment       0x00000000       0x7a Libraries\FEHBattery.o
 .comment       0x00000000       0x7a Drivers\FEHXBee.o
 .comment       0x00000000       0x7a Libraries\FEHRPS.o
 .comment       0x00000000       0x7a Libraries\FEHSD.o
 .comment       0x00000000       0x7a C:\fehqt\Proteus/EWL/lib/armv7e-m\libc.a(exit.o)
 .comment       0x00000000       0x7a C:\fehqt\Proteus/EWL/lib/armv7e-m\libc.a(memset.o)
 .comment       0x00000000       0x7a C:\fehqt\Proteus/EWL/lib/armv7e-m\libc.a(strlen.o)
 .comment       0x00000000       0x7a C:\fehqt\Proteus/EWL/lib/armv7e-m\libc.a(printformat_.o)
 .comment       0x00000000       0x7a C:\fehqt\Proteus/EWL/lib/armv7e-m\libc.a(scanformat_.o)
 .comment       0x00000000       0x7a C:\fehqt\Proteus/EWL/lib/armv7e-m\libc.a(ctype_aeabi.o)
 .comment       0x00000000       0x7a C:\fehqt\Proteus/EWL/lib/armv7e-m\libc.a(__strtoul.o)
 .comment       0x00000000       0x7a C:\fehqt\Proteus/EWL/lib/armv7e-m\libc.a(__filll_mem.o)
 .comment       0x00000000       0x7a C:\fehqt\Proteus/EWL/lib/armv7e-m\libc.a(memchr.o)
 .comment       0x00000000       0x7a C:\fehqt\Proteus/EWL/lib/armv7e-m\libc.a(strchr.o)
 .comment       0x00000000       0x7a C:\fehqt\Proteus/EWL/lib/armv7e-m\librt.a(gcc_ctor_dtor.o)
 .comment       0x00000000       0x7a C:\fehqt\Proteus/EWL/lib/armv7e-m\librt.a(ROMCopy.o)
 .comment       0x00000000       0x7a C:\fehqt\Proteus/EWL/lib/armv7e-m\librt.a(__arm_eabi_init.o)

.debug_frame    0x00000000     0x2a68
 .debug_frame   0x00000000      0x140 ..\main.o
 .debug_frame   0x00000140       0x98 Startup\__arm_start.o
 .debug_frame   0x000001d8       0x2c Startup\__arm_end.o
 .debug_frame   0x00000204       0x5c Startup\kinetis_sysinit.o
 .debug_frame   0x00000260       0x94 Libraries\FEHMotor.o
 .debug_frame   0x000002f4       0x88 Drivers\i2c.o
 .debug_frame   0x0000037c       0xf8 Drivers\spi.o
 .debug_frame   0x00000474       0x84 Drivers\uart.o
 .debug_frame   0x000004f8      0x5e8 Drivers\ff.o
 .debug_frame   0x00000ae0      0x1e8 Drivers\SDHC.o
 .debug_frame   0x00000cc8       0x2c Drivers\lptmr.o
 .debug_frame   0x00000cf4       0x4c FEHProteus.o
 .debug_frame   0x00000d40       0xa8 Drivers\FEHPropeller.o
 .debug_frame   0x00000de8       0xf8 Libraries\FEHUtility.o
 .debug_frame   0x00000ee0      0x4e8 Libraries\FEHIO.o
 .debug_frame   0x000013c8       0x64 Drivers\adc16.o
 .debug_frame   0x0000142c      0x1c8 Libraries\FEHBuzzer.o
 .debug_frame   0x000015f4      0x12c Libraries\FEHServo.o
 .debug_frame   0x00001720      0x9c0 Libraries\FEHLCD.o
 .debug_frame   0x000020e0       0xd8 Libraries\FEHAccel.o
 .debug_frame   0x000021b8       0x8c Libraries\FEHBattery.o
 .debug_frame   0x00002244       0xfc Drivers\FEHXBee.o
 .debug_frame   0x00002340      0x24c Libraries\FEHRPS.o
 .debug_frame   0x0000258c       0xf0 Libraries\FEHSD.o
 .debug_frame   0x0000267c       0x28 C:\fehqt\Proteus/EWL/lib/armv7e-m\libc.a(exit.o)
 .debug_frame   0x000026a4       0x28 C:\fehqt\Proteus/EWL/lib/armv7e-m\libc.a(memset.o)
 .debug_frame   0x000026cc       0x20 C:\fehqt\Proteus/EWL/lib/armv7e-m\libc.a(strlen.o)
 .debug_frame   0x000026ec       0x64 C:\fehqt\Proteus/EWL/lib/armv7e-m\libc.a(printformat_.o)
 .debug_frame   0x00002750       0x3c C:\fehqt\Proteus/EWL/lib/armv7e-m\libc.a(scanformat_.o)
 .debug_frame   0x0000278c       0xf0 C:\fehqt\Proteus/EWL/lib/armv7e-m\libc.a(ctype_aeabi.o)
 .debug_frame   0x0000287c       0x3c C:\fehqt\Proteus/EWL/lib/armv7e-m\libc.a(__strtoul.o)
 .debug_frame   0x000028b8       0x2c C:\fehqt\Proteus/EWL/lib/armv7e-m\libc.a(__filll_mem.o)
 .debug_frame   0x000028e4       0x28 C:\fehqt\Proteus/EWL/lib/armv7e-m\libc.a(memchr.o)
 .debug_frame   0x0000290c       0x20 C:\fehqt\Proteus/EWL/lib/armv7e-m\libc.a(strchr.o)
 .debug_frame   0x0000292c       0x48 C:\fehqt\Proteus/EWL/lib/armv7e-m\librt.a(gcc_ctor_dtor.o)
 .debug_frame   0x00002974       0x48 C:\fehqt\Proteus/EWL/lib/armv7e-m\librt.a(ROMCopy.o)
 .debug_frame   0x000029bc       0xac C:\fehqt\Proteus/EWL/lib/armv7e-m\librt.a(__arm_eabi_init.o)
